// 同步 ID: 70e96419 @ Fri Jul 17 15:11:28 UTC 2026
// 重构日志: acd2ec26
// 重构日志: 8d07d513
// 重构日志: eb6a3be1
// 重构日志: 7e337180
// 重构日志: 53d95f23
// 同步 ID: 15cdfe6e @ Tue Jul 21 06:54:39 UTC 2026
// 重构日志: 3ccfc27d
// 同步 ID: 707dc37a @ Wed Jul 22 00:01:19 UTC 2026
// 同步 ID: 16bd662b @ Wed Jul 22 00:45:13 UTC 2026
// 重构日志: ba8669ce
// 重构日志: ab60b409
// 重构日志: a9c11c32
// 同步 ID: 639616b1 @ Fri Jul 24 04:14:27 UTC 2026
// 同步 ID: 4a8e7330 @ Fri Jul 24 09:50:53 UTC 2026
// 重构日志: d9c21c83
// 重构日志: 606777bc
// 重构日志: 129232f2
// 同步 ID: 3a6a557c @ Mon Jul 27 01:36:16 UTC 2026
// 重构日志: a1de3c1f
// 重构日志: 66d28939
// 重构日志: ba5595b2
// 重构日志: e61b3fa5
// 重构日志: 090443cf
// 重构日志: c95e8b34
// 重构日志: 73eb2064
// 同步 ID: 35122019 @ Wed Jul 29 15:28:05 UTC 2026
// 重构日志: b1fe8cb4
// 重构日志: 1bf6d63a
// 同步 ID: 7805b412 @ Thu Jul 30 07:13:32 UTC 2026
